<?xml version="1.0" encoding="utf-8"?><testsuite errors="0" failures="0" name="pytest" skips="0" tests="34" time="1.175"><testcase classname="lists.tests.test_forms.ItemFormTest" file="lists/tests/test_forms.py" line="6" name="test_form_item_input_has_placeholder_and_css_classes" time="0.46753478050231934"><system-out>Creating test database for alias &apos;default&apos;...
</system-out></testcase><testcase classname="lists.tests.test_forms.ItemFormTest" file="lists/tests/test_forms.py" line="16" name="test_form_save_handles_saving_to_a_list" time="0.0045626163482666016"></testcase><testcase classname="lists.tests.test_forms.ItemFormTest" file="lists/tests/test_forms.py" line="11" name="test_form_validation_for_blank_items" time="0.0037012100219726562"></testcase><testcase classname="lists.tests.test_forms.ExistingListItemFormTest" file="lists/tests/test_forms.py" line="27" name="test_form_renders_item_text_input" time="0.006779909133911133"></testcase><testcase classname="lists.tests.test_forms.ExistingListItemFormTest" file="lists/tests/test_forms.py" line="48" name="test_form_save" time="0.007014751434326172"></testcase><testcase classname="lists.tests.test_forms.ExistingListItemFormTest" file="lists/tests/test_forms.py" line="33" name="test_form_validation_for_blank_items" time="0.007431745529174805"></testcase><testcase classname="lists.tests.test_forms.ExistingListItemFormTest" file="lists/tests/test_forms.py" line="40" name="test_form_validation_for_duplicate_items" time="0.01113271713256836"></testcase><testcase classname="lists.tests.test_models.ItemModelTest" file="lists/tests/test_models.py" line="36" name="test_CAN_save_same_item_to_different_lists" time="0.010064363479614258"></testcase><testcase classname="lists.tests.test_models.ItemModelTest" file="lists/tests/test_models.py" line="20" name="test_cannot_save_empty_list_items" time="0.008707046508789062"></testcase><testcase classname="lists.tests.test_models.ItemModelTest" file="lists/tests/test_models.py" line="8" name="test_default_text" time="0.0026023387908935547"></testcase><testcase classname="lists.tests.test_models.ItemModelTest" file="lists/tests/test_models.py" line="28" name="test_duplicate_items_are_invalid" time="0.005275249481201172"></testcase><testcase classname="lists.tests.test_models.ItemModelTest" file="lists/tests/test_models.py" line="12" name="test_item_is_related_to_list" time="0.007831811904907227"></testcase><testcase classname="lists.tests.test_models.ItemModelTest" file="lists/tests/test_models.py" line="45" name="test_list_ordering" time="0.0043184757232666016"></testcase><testcase classname="lists.tests.test_models.ItemModelTest" file="lists/tests/test_models.py" line="56" name="test_string_representation" time="0.003302335739135742"></testcase><testcase classname="lists.tests.test_models.ListModelTest" file="lists/tests/test_models.py" line="62" name="test_get_absolute_url" time="0.019896745681762695"></testcase><testcase classname="lists.tests.test_views.HomePageViewTest" file="lists/tests/test_views.py" line="14" name="test_home_page_uses_item_form" time="0.0279543399810791"></testcase><testcase classname="lists.tests.test_views.HomePageViewTest" file="lists/tests/test_views.py" line="10" name="test_uses_home_template" time="0.006949424743652344"></testcase><testcase classname="lists.tests.test_views.NewListTest" file="lists/tests/test_views.py" line="20" name="test_can_save_a_POST_request" time="0.007389068603515625"></testcase><testcase classname="lists.tests.test_views.NewListTest" file="lists/tests/test_views.py" line="42" name="test_for_invalid_input_passes_form_to_template" time="0.009066343307495117"></testcase><testcase classname="lists.tests.test_views.NewListTest" file="lists/tests/test_views.py" line="32" name="test_for_invalid_input_renders_home_template" time="0.008776187896728516"></testcase><testcase classname="lists.tests.test_views.NewListTest" file="lists/tests/test_views.py" line="46" name="test_invalid_list_items_arent_saved" time="0.008966207504272461"></testcase><testcase classname="lists.tests.test_views.NewListTest" file="lists/tests/test_views.py" line="27" name="test_redirects_after_POST" time="0.022112607955932617"></testcase><testcase classname="lists.tests.test_views.NewListTest" file="lists/tests/test_views.py" line="37" name="test_validation_errors_are_shown_on_home_page" time="0.0072557926177978516"></testcase><testcase classname="lists.tests.test_views.ListViewTest" file="lists/tests/test_views.py" line="106" name="test_POST_redirects_to_list_view" time="0.019168615341186523"></testcase><testcase classname="lists.tests.test_views.ListViewTest" file="lists/tests/test_views.py" line="93" name="test_can_save_a_POST_request_to_an_existing_list" time="0.008691549301147461"></testcase><testcase classname="lists.tests.test_views.ListViewTest" file="lists/tests/test_views.py" line="72" name="test_displays_item_form" time="0.010979652404785156"></testcase><testcase classname="lists.tests.test_views.ListViewTest" file="lists/tests/test_views.py" line="78" name="test_displays_only_items_for_that_list" time="0.014052391052246094"></testcase><testcase classname="lists.tests.test_views.ListViewTest" file="lists/tests/test_views.py" line="140" name="test_duplicate_item_validation_errors_end_up_on_lists_page" time="0.014899253845214844"></testcase><testcase classname="lists.tests.test_views.ListViewTest" file="lists/tests/test_views.py" line="123" name="test_for_invalid_input_nothing_saved_to_db" time="0.013364315032958984"></testcase><testcase classname="lists.tests.test_views.ListViewTest" file="lists/tests/test_views.py" line="132" name="test_for_invalid_input_passes_form_to_template" time="0.013737678527832031"></testcase><testcase classname="lists.tests.test_views.ListViewTest" file="lists/tests/test_views.py" line="127" name="test_for_invalid_input_renders_list_template" time="0.014528036117553711"></testcase><testcase classname="lists.tests.test_views.ListViewTest" file="lists/tests/test_views.py" line="136" name="test_for_invalid_input_shows_error_on_page" time="0.012741565704345703"></testcase><testcase classname="lists.tests.test_views.ListViewTest" file="lists/tests/test_views.py" line="66" name="test_passes_correct_list_to_template" time="0.009177684783935547"></testcase><testcase classname="lists.tests.test_views.ListViewTest" file="lists/tests/test_views.py" line="61" name="test_uses_list_template" time="0.02454853057861328"><system-out>Destroying test database for alias &apos;default&apos;...
</system-out></testcase></testsuite>